I'm sorry, but errors were detected in your script. Please correct the
errors listed below, and try again.


File "game/script.rpy", line 129: Line is followed by a block, despite not being a menu choice. Did you forget a colon at the end of the line?
    "Cade minhas férias :c"
                           ^

File "game/script.rpy", line 142: expected ':' not found.
    label bike_1_ferias
                       ^

Ren'Py Version: Ren'Py 7.4.2.1292
Sat Feb 27 18:36:26 2021
